// Jest Snapshot v1, https://goo.gl/fbAQLP

exports[`fetches the state 1`] = `
Object {
  "state": Object {
    "board": Array [
      Array [
        "Empty",
        "Empty",
        "Empty",
      ],
      Array [
        "Empty",
        "Empty",
        "Empty",
      ],
      Array [
        "Empty",
        "Empty",
        "Empty",
      ],
    ],
    "status": "InProgress",
    "turn": "X",
  },
}
`;
